exports[`CurrentTrackView tests renders CurrentTrackView correctly 1`] = `
<View
  style={
    Object {
      "flex": 1,
    }
  }>
  <View
    style={
      Array [
        Object {
          "backgroundColor": "black",
          "flex": 3,
        },
        null,
      ]
    }>
    <Image
      source={
        Object {
          "uri": "http://album.art/uri",
        }
      }
      style={
        Object {
          "flex": 1,
        }
      } />
  </View>
  <View
    style={
      Object {
        "alignItems": "center",
        "backgroundColor": "black",
        "flex": 0.5,
        "flexDirection": "row",
        "justifyContent": "space-between",
      }
    }>
    <View
      style={
        Object {
          "flex": 15,
          "flexDirection": "row",
          "justifyContent": "center",
        }
      }>
      <Text
        accessible={true}
        allowFontScaling={false}
        ellipsizeMode="tail"
        style={
          Array [
            Object {
              "color": undefined,
              "fontSize": 35,
            },
            Object {
              "color": "white",
            },
            Object {
              "fontFamily": "Material Icons",
              "fontStyle": "normal",
              "fontWeight": "normal",
            },
          ]
        }>
        
      </Text>
    </View>
    <View
      style={
        Object {
          "alignItems": "center",
          "flex": 70,
          "flexDirection": "column",
        }
      }>
      <Text
        accessible={true}
        allowFontScaling={true}
        ellipsizeMode="tail"
        style={
          Object {
            "color": "white",
            "fontWeight": "bold",
          }
        }>
        trackname
      </Text>
      <Text
        accessible={true}
        allowFontScaling={true}
        ellipsizeMode="tail"
        style={
          Object {
            "color": "white",
          }
        }>
        asd, fds
      </Text>
    </View>
    <View
      style={
        Object {
          "flex": 15,
          "flexDirection": "row",
          "justifyContent": "center",
        }
      }>
      <Text
        accessible={true}
        allowFontScaling={false}
        ellipsizeMode="tail"
        style={
          Array [
            Object {
              "color": undefined,
              "fontSize": 35,
            },
            Object {
              "color": "white",
            },
            Object {
              "fontFamily": "Material Icons",
              "fontStyle": "normal",
              "fontWeight": "normal",
            },
          ]
        }>
        
      </Text>
    </View>
  </View>
  <View
    style={
      Object {
        "alignItems": "center",
        "backgroundColor": "black",
        "flex": 0.5,
        "flexDirection": "row",
        "justifyContent": "space-between",
      }
    }>
    <View
      style={
        Object {
          "flex": 15,
          "flexDirection": "row",
          "justifyContent": "center",
        }
      }>
      <Text
        accessible={true}
        allowFontScaling={true}
        ellipsizeMode="tail"
        style={
          Object {
            "color": "white",
          }
        }>
        0:00
      </Text>
    </View>
    <RCTProgressView
      progress={0}
      progressTintColor="green"
      style={
        Array [
          Object {
            "height": 2,
          },
          Object {
            "flex": 70,
          },
        ]
      } />
    <View
      style={
        Object {
          "flex": 15,
          "flexDirection": "row",
          "justifyContent": "center",
        }
      }>
      <Text
        accessible={true}
        allowFontScaling={true}
        ellipsizeMode="tail"
        style={
          Object {
            "color": "white",
          }
        }>
        0:00
      </Text>
    </View>
  </View>
  <View
    style={
      Object {
        "alignItems": "center",
        "backgroundColor": "black",
        "flex": 1,
        "flexDirection": "row",
        "justifyContent": "center",
      }
    }>
    <View
      accessibilityComponentType={undefined}
      accessibilityLabel={undefined}
      accessibilityTraits={undefined}
      accessible={true}
      hitSlop={undefined}
      onLayout={undefined}
      onResponderGrant={[Function]}
      onResponderMove={[Function]}
      onResponderRelease={[Function]}
      onResponderTerminate={[Function]}
      onResponderTerminationRequest={[Function]}
      onStartShouldSetResponder={[Function]}
      style={
        Object {
          "opacity": 1,
        }
      }
      testID={undefined}>
      <Text
        accessible={true}
        allowFontScaling={false}
        ellipsizeMode="tail"
        style={
          Array [
            Object {
              "color": undefined,
              "fontSize": 25,
            },
            Object {
              "color": "white",
              "marginLeft": 10,
              "marginRight": 10,
            },
            Object {
              "fontFamily": "Material Icons",
              "fontStyle": "normal",
              "fontWeight": "normal",
            },
          ]
        }>
        
      </Text>
    </View>
    <View
      accessibilityComponentType={undefined}
      accessibilityLabel={undefined}
      accessibilityTraits={undefined}
      accessible={true}
      hitSlop={undefined}
      onLayout={undefined}
      onResponderGrant={[Function]}
      onResponderMove={[Function]}
      onResponderRelease={[Function]}
      onResponderTerminate={[Function]}
      onResponderTerminationRequest={[Function]}
      onStartShouldSetResponder={[Function]}
      style={
        Object {
          "opacity": 1,
        }
      }
      testID={undefined}>
      <Text
        accessible={true}
        allowFontScaling={false}
        ellipsizeMode="tail"
        style={
          Array [
            Object {
              "color": undefined,
              "fontSize": 35,
            },
            Object {
              "color": "white",
              "marginLeft": 10,
              "marginRight": 10,
            },
            Object {
              "fontFamily": "Material Icons",
              "fontStyle": "normal",
              "fontWeight": "normal",
            },
          ]
        }>
        
      </Text>
    </View>
    <View
      style={
        Object {
          "alignItems": "center",
          "borderColor": "white",
          "borderRadius": 35,
          "borderWidth": 0.5,
          "height": 70,
          "justifyContent": "center",
          "width": 70,
        }
      }>
      <View
        accessibilityComponentType={undefined}
        accessibilityLabel={undefined}
        accessibilityTraits={undefined}
        accessible={true}
        hitSlop={undefined}
        onLayout={undefined}
        onResponderGrant={[Function]}
        onResponderMove={[Function]}
        onResponderRelease={[Function]}
        onResponderTerminate={[Function]}
        onResponderTerminationRequest={[Function]}
        onStartShouldSetResponder={[Function]}
        style={
          Object {
            "opacity": 1,
          }
        }
        testID={undefined}>
        <Text
          accessible={true}
          allowFontScaling={false}
          ellipsizeMode="tail"
          style={
            Array [
              Object {
                "color": undefined,
                "fontSize": 50,
              },
              Object {
                "backgroundColor": "transparent",
                "color": "white",
              },
              Object {
                "fontFamily": "Material Icons",
                "fontStyle": "normal",
                "fontWeight": "normal",
              },
            ]
          }>
          
        </Text>
      </View>
    </View>
    <View
      accessibilityComponentType={undefined}
      accessibilityLabel={undefined}
      accessibilityTraits={undefined}
      accessible={true}
      hitSlop={undefined}
      onLayout={undefined}
      onResponderGrant={[Function]}
      onResponderMove={[Function]}
      onResponderRelease={[Function]}
      onResponderTerminate={[Function]}
      onResponderTerminationRequest={[Function]}
      onStartShouldSetResponder={[Function]}
      style={
        Object {
          "opacity": 1,
        }
      }
      testID={undefined}>
      <Text
        accessible={true}
        allowFontScaling={false}
        ellipsizeMode="tail"
        style={
          Array [
            Object {
              "color": undefined,
              "fontSize": 35,
            },
            Object {
              "color": "white",
              "marginLeft": 10,
              "marginRight": 10,
            },
            Object {
              "fontFamily": "Material Icons",
              "fontStyle": "normal",
              "fontWeight": "normal",
            },
          ]
        }>
        
      </Text>
    </View>
    <View
      accessibilityComponentType={undefined}
      accessibilityLabel={undefined}
      accessibilityTraits={undefined}
      accessible={true}
      hitSlop={undefined}
      onLayout={undefined}
      onResponderGrant={[Function]}
      onResponderMove={[Function]}
      onResponderRelease={[Function]}
      onResponderTerminate={[Function]}
      onResponderTerminationRequest={[Function]}
      onStartShouldSetResponder={[Function]}
      style={
        Object {
          "opacity": 1,
        }
      }
      testID={undefined}>
      <Text
        accessible={true}
        allowFontScaling={false}
        ellipsizeMode="tail"
        style={
          Array [
            Object {
              "color": undefined,
              "fontSize": 25,
            },
            Object {
              "color": "white",
              "marginLeft": 10,
              "marginRight": 10,
            },
            Object {
              "fontFamily": "Material Icons",
              "fontStyle": "normal",
              "fontWeight": "normal",
            },
          ]
        }>
        
      </Text>
    </View>
  </View>
</View>
`;
